<html>
<body>
<pre>
<h1>µVision Build Log</h1>
<h2>Tool Versions:</h2>
IDE-Version: ¦ÌVision V5.14.0.0
Copyright (C) 2015 ARM Ltd and ARM Germany GmbH. All rights reserved.
License Information: rr 2513367354@qq.com, ee, LIC=BL22Z-JP5QC-VI25N-Y0SUI-ETB5A-Y63DQ
 
Tool Versions:
Toolchain:       MDK-ARM Professional  Version: 5.14.0.0
Toolchain Path:  E:\Keil5\ARM\ARMCC\Bin
C Compiler:      Armcc.exe V5.05 update 1 (build 106)
Assembler:       Armasm.exe V5.05 update 1 (build 106)
Linker/Locator:  ArmLink.exe V5.05 update 1 (build 106)
Library Manager: ArmAr.exe V5.05 update 1 (build 106)
Hex Converter:   FromElf.exe V5.05 update 1 (build 106)
CPU DLL:         SARMCM3.DLL V5.14.0.0
Dialog DLL:      DCM.DLL V1.13.1.0
Target DLL:      UL2CM3.DLL V1.155.0.0
Dialog DLL:      TCM.DLL V1.14.4.0
 
<h2>Project:</h2>
C:\Users\25133\Desktop\131µ÷ÊÔ\ADC131\USER\LED.uvprojx
Project File Date:  11/03/2021

<h2>Output:</h2>
Build target 'Target 1'
compiling ADS131A04.c...
..\HARDWARE\ADS131A04\ADS131A04.c(80): warning:  #177-D: variable "RREG" was declared but never referenced
                u8 RREG=0X20;//¶Á
..\HARDWARE\ADS131A04\ADS131A04.c(83): warning:  #177-D: variable "ID_M" was declared but never referenced
                u16 ID_M,ID_L;
..\HARDWARE\ADS131A04\ADS131A04.c(83): warning:  #177-D: variable "ID_L" was declared but never referenced
                u16 ID_M,ID_L;
..\HARDWARE\ADS131A04\ADS131A04.c(161): warning:  #177-D: variable "value" was declared but never referenced
        unsigned long  value =0;
..\HARDWARE\ADS131A04\ADS131A04.c: 4 warnings, 0 errors
linking...
Program Size: Code=6896 RO-data=408 RW-data=64 ZI-data=1896  
FromELF: creating hex file...
"..\OBJ\LED.axf" - 0 Error(s), 4 Warning(s).

<h2>Collection of Component include folders:</h2>
  C:\Users\25133\Desktop\131µ÷ÊÔ\ADC131\USER\RTE
  E:\Keil5\ARM\PACK\Keil\STM32F1xx_DFP\1.0.5\Device\Include

<h2>Collection of Component Files used:</h2>
</pre>
</body>
</html>
